\BOOKMARK [0][-]{Doc-Start}{\376\377\016\032\016\027\016\004\016\061\016\024\016\042\016\110\016\055}{}% 1
\BOOKMARK [0][-]{Doc-Start}{\376\377\000A\000B\000S\000T\000R\000A\000C\000T}{}% 2
\BOOKMARK [0][-]{chapter*.1}{\376\377\016\001\016\064\016\025\016\025\016\064\016\001\016\043\016\043\016\041\016\033\016\043\016\060\016\001\016\062\016\050}{}% 3
\BOOKMARK [0][-]{chapter*.2}{\376\377\016\052\016\062\016\043\016\032\016\061\016\015}{}% 4
\BOOKMARK [0][-]{chapter*.3}{\376\377\016\052\016\062\016\043\016\032\016\061\016\015\016\040\016\062\016\036}{}% 5
\BOOKMARK [0][-]{chapter*.4}{\376\377\016\052\016\062\016\043\016\032\016\061\016\015\016\025\016\062\016\043\016\062\016\007}{}% 6
\BOOKMARK [0][-]{chapter.1}{\376\377\016\032\016\027\016\031\016\063}{}% 7
\BOOKMARK [1][-]{section.1.1}{\376\377\016\004\016\047\016\062\016\041\016\100\016\033\016\107\016\031\016\041\016\062\016\101\016\045\016\060\016\004\016\047\016\062\016\041\016\052\016\063\016\004\016\061\016\015\016\002\016\055\016\007\016\033\016\061\016\015\016\053\016\062}{chapter.1}% 8
\BOOKMARK [1][-]{section.1.2}{\376\377\016\047\016\061\016\025\016\026\016\070\016\033\016\043\016\060\016\052\016\007\016\004\016\114}{chapter.1}% 9
\BOOKMARK [1][-]{section.1.3}{\376\377\016\002\016\055\016\032\016\100\016\002\016\025\016\101\016\045\016\060\016\002\016\111\016\055\016\010\016\063\016\001\016\061\016\024\016\002\016\055\016\007\016\043\016\060\016\032\016\032}{chapter.1}% 10
\BOOKMARK [2][-]{subsection.1.3.1}{\376\377\016\002\016\055\016\032\016\100\016\002\016\025}{section.1.3}% 11
\BOOKMARK [2][-]{subsection.1.3.2}{\376\377\016\002\016\111\016\055\016\010\016\063\016\001\016\061\016\024\016\002\016\055\016\007\016\102\016\004\016\043\016\007\016\007\016\062\016\031}{section.1.3}% 12
\BOOKMARK [1][-]{section.1.4}{\376\377\016\033\016\043\016\060\016\102\016\042\016\012\016\031\016\114\016\027\016\065\016\110\016\004\016\062\016\024\016\047\016\110\016\062\016\010\016\060\016\104\016\024\016\111\016\043\016\061\016\032}{chapter.1}% 13
\BOOKMARK [0][-]{chapter.2}{\376\377\016\027\016\044\016\051\016\016\016\065\016\101\016\045\016\060\016\007\016\062\016\031\016\047\016\064\016\010\016\061\016\042\016\027\016\065\016\110\016\100\016\001\016\065\016\110\016\042\016\047\016\002\016\111\016\055\016\007}{}% 14
\BOOKMARK [1][-]{section.2.1}{\376\377\016\027\016\044\016\051\016\016\016\065\016\027\016\065\016\110\016\100\016\001\016\065\016\110\016\042\016\047\016\002\016\111\016\055\016\007}{chapter.2}% 15
\BOOKMARK [2][-]{subsection.2.1.1}{\376\377\016\001\016\062\016\043\016\033\016\001\016\033\016\064\016\024\016\002\016\111\016\055\016\041\016\071\016\045\016\103\016\031\016\040\016\062\016\036\016\101\016\045\016\060\016\047\016\064\016\024\016\065\016\102\016\055}{section.2.1}% 16
\BOOKMARK [2][-]{subsection.2.1.2}{\376\377\000C\000o\000n\000v\000o\000l\000u\000t\000i\000o\000n\000a\000l\000\040\000N\000e\000u\000r\000a\000l\000\040\000N\000e\000t\000w\000o\000r\000k\000\050\000C\000N\000N\000\051}{section.2.1}% 17
\BOOKMARK [2][-]{subsection.2.1.3}{\376\377\016\001\016\062\016\043\016\025\016\043\016\047\016\010\016\010\016\061\016\032\016\103\016\032\016\053\016\031\016\111\016\062\016\053\016\043\016\067\016\055\016\047\016\061\016\025\016\026\016\070\016\024\016\111\016\047\016\042\000\040\000Y\000O\000L\000O}{section.2.1}% 18
\BOOKMARK [2][-]{subsection.2.1.4}{\376\377\016\047\016\064\016\030\016\065\016\025\016\043\016\047\016\010\016\010\016\061\016\032\016\103\016\032\016\053\016\031\016\111\016\062\016\101\016\032\016\032\000\040\000H\000a\000a\000r\000\040\000C\000a\000s\000c\000a\000d\000e}{section.2.1}% 19
\BOOKMARK [2][-]{subsection.2.1.5}{\376\377\000S\000u\000p\000p\000o\000r\000t\000\040\000V\000e\000c\000t\000o\000r\000\040\000M\000a\000c\000h\000i\000n\000e\000\050\000S\000V\000M\000\051}{section.2.1}% 20
\BOOKMARK [2][-]{subsection.2.1.6}{\376\377\016\001\016\062\016\043\016\043\016\071\016\111\016\010\016\063\016\103\016\032\016\053\016\031\016\111\016\062\016\101\016\045\016\060\016\001\016\062\016\043\016\101\016\027\016\031\016\045\016\061\016\001\016\051\016\023\016\060}{section.2.1}% 21
\BOOKMARK [2][-]{subsection.2.1.7}{\376\377\016\001\016\062\016\043\016\025\016\064\016\024\016\025\016\062\016\041\016\001\016\043\016\055\016\032\016\047\016\061\016\025\016\026\016\070}{section.2.1}% 22
\BOOKMARK [2][-]{subsection.2.1.8}{\376\377\016\001\016\062\016\043\016\025\016\043\016\047\016\010\016\010\016\061\016\032\016\002\016\111\016\055\016\004\016\047\016\062\016\041\016\101\016\045\016\060\016\002\016\111\016\055\016\041\016\071\016\045\016\052\016\110\016\047\016\031\016\032\016\070\016\004\016\004\016\045\016\010\016\062\016\001\016\002\016\111\016\055\016\004\016\047\016\062\016\041}{section.2.1}% 23
\BOOKMARK [2][-]{subsection.2.1.9}{\376\377\016\052\016\026\016\062\016\033\016\061\016\025\016\042\016\001\016\043\016\043\016\041\016\100\016\047\016\107\016\032\016\101\016\055\016\033\016\036\016\045\016\064\016\100\016\004\016\012\016\061\016\031}{section.2.1}% 24
\BOOKMARK [1][-]{section.2.2}{\376\377\016\007\016\062\016\031\016\047\016\064\016\010\016\061\016\042\016\101\016\045\016\060\016\007\016\062\016\031\016\027\016\065\016\110\016\100\016\001\016\065\016\110\016\042\016\047\016\002\016\111\016\055\016\007}{chapter.2}% 25
\BOOKMARK [0][-]{chapter.3}{\376\377\016\047\016\064\016\030\016\065\016\001\016\062\016\043\016\024\016\063\016\100\016\031\016\064\016\031\016\102\016\004\016\043\016\007\016\007\016\062\016\031}{}% 26
\BOOKMARK [1][-]{section.3.1}{\376\377\016\002\016\061\016\111\016\031\016\025\016\055\016\031\016\001\016\062\016\043\016\024\016\063\016\100\016\031\016\064\016\031\016\007\016\062\016\031}{chapter.3}% 27
\BOOKMARK [1][-]{section.3.2}{\376\377\016\052\016\026\016\062\016\033\016\061\016\025\016\042\016\001\016\043\016\043\016\041\016\002\016\055\016\007\016\043\016\060\016\032\016\032}{chapter.3}% 28
\BOOKMARK [1][-]{section.3.3}{\376\377\016\045\016\063\016\024\016\061\016\032\016\001\016\062\016\043\016\033\016\043\016\060\016\041\016\047\016\045\016\034\016\045\016\052\016\067\016\110\016\055}{chapter.3}% 29
\BOOKMARK [1][-]{section.3.4}{\376\377\016\101\016\034\016\031\016\040\016\062\016\036\016\001\016\062\016\043\016\027\016\063\016\007\016\062\016\031\016\002\016\055\016\007\016\043\016\060\016\032\016\032}{chapter.3}% 30
\BOOKMARK [2][-]{subsection.3.4.1}{\376\377\000A\000c\000t\000i\000v\000i\000t\000y\000\040\000D\000i\000a\000g\000r\000a\000m}{section.3.4}% 31
\BOOKMARK [2][-]{subsection.3.4.2}{\376\377\000U\000s\000e\000\040\000C\000a\000s\000e\000\040\000D\000i\000a\000g\000r\000a\000m}{section.3.4}% 32
\BOOKMARK [2][-]{subsection.3.4.3}{\376\377\000S\000y\000s\000t\000e\000m\000\040\000S\000e\000q\000u\000e\000n\000c\000e\000\040\000D\000i\000a\000g\000r\000a\000m}{section.3.4}% 33
\BOOKMARK [1][-]{section.3.5}{\376\377\016\100\016\004\016\043\016\067\016\110\016\055\016\007\016\041\016\067\016\055\016\027\016\065\016\110\016\103\016\012\016\111\016\103\016\031\016\001\016\062\016\043\016\024\016\063\016\100\016\031\016\064\016\031\016\007\016\062\016\031}{chapter.3}% 34
\BOOKMARK [1][-]{section.3.6}{\376\377\016\101\016\034\016\031\016\001\016\062\016\043\016\027\016\024\016\052\016\055\016\032\016\101\016\045\016\060\016\100\016\001\016\023\016\021\016\114\016\001\016\062\016\043\016\033\016\043\016\060\016\100\016\041\016\064\016\031}{chapter.3}% 35
\BOOKMARK [0][-]{chapter.4}{\376\377\016\001\016\062\016\043\016\047\016\064\016\100\016\004\016\043\016\062\016\060\016\053\016\114\000\040\016\055\016\055\016\001\016\101\016\032\016\032\016\101\016\045\016\060\016\036\016\061\016\022\016\031\016\062\016\043\016\060\016\032\016\032}{}% 36
\BOOKMARK [1][-]{section.4.1}{\376\377\016\001\016\062\016\043\016\047\016\064\016\100\016\004\016\043\016\062\016\060\016\053\016\114\016\043\016\060\016\032\016\032}{chapter.4}% 37
\BOOKMARK [1][-]{section.4.2}{\376\377\016\001\016\062\016\043\016\055\016\055\016\001\016\101\016\032\016\032\016\002\016\111\016\055\016\041\016\071\016\045\016\101\016\045\016\060\016\052\016\110\016\047\016\031\016\033\016\043\016\060\016\001\016\055\016\032}{chapter.4}% 38
\BOOKMARK [1][-]{section.4.3}{\376\377\016\001\016\062\016\043\016\055\016\055\016\001\016\101\016\032\016\032\016\052\016\110\016\047\016\031\016\025\016\064\016\024\016\025\016\110\016\055\016\034\016\071\016\111\016\103\016\012\016\111}{chapter.4}% 39
\BOOKMARK [1][-]{section.4.4}{\376\377\016\001\016\062\016\043\016\036\016\061\016\022\016\031\016\062\016\101\016\045\016\060\016\001\016\062\016\043\016\033\016\043\016\061\016\032\016\033\016\043\016\070\016\007\016\010\016\062\016\001\016\040\016\062\016\004\016\001\016\062\016\043\016\050\016\066\016\001\016\051\016\062\016\001\016\110\016\055\016\031\016\053\016\031\016\111\016\062}{chapter.4}% 40
\BOOKMARK [2][-]{subsection.4.4.1}{\376\377\016\001\016\062\016\043\016\025\016\043\016\047\016\010\016\010\016\061\016\032\016\101\016\045\016\060\016\052\016\043\016\111\016\062\016\007\000\040\000F\000a\000c\000e\000\040\000M\000a\000p}{section.4.4}% 41
\BOOKMARK [2][-]{subsection.4.4.2}{\376\377\016\001\016\062\016\043\016\033\016\001\016\033\016\064\016\024\016\101\016\032\016\032\016\100\016\045\016\067\016\055\016\001\016\104\016\024\016\111\016\101\016\045\016\060\016\001\016\062\016\043\016\052\016\043\016\111\016\062\016\007\016\034\016\045\016\045\016\061\016\036\016\030\016\114}{section.4.4}% 42
\BOOKMARK [2][-]{subsection.4.4.3}{\376\377\016\001\016\062\016\043\016\033\016\001\016\033\016\064\016\024\016\024\016\111\016\047\016\042\016\025\016\031\016\100\016\055\016\007\016\101\016\045\016\060\016\001\016\062\016\043\016\025\016\064\016\024\016\025\016\062\016\041}{section.4.4}% 43
\BOOKMARK [1][-]{section.4.5}{\376\377\016\001\016\062\016\043\016\025\016\043\016\047\016\010\016\052\016\055\016\032\016\043\016\060\016\032\016\032\016\100\016\032\016\067\016\111\016\055\016\007\016\025\016\111\016\031}{chapter.4}% 44
\BOOKMARK [0][-]{chapter.5}{\376\377\016\052\016\043\016\070\016\033\016\034\016\045\016\001\016\062\016\043\016\024\016\063\016\100\016\031\016\064\016\031\016\007\016\062\016\031}{}% 45
\BOOKMARK [1][-]{section.5.1}{\376\377\016\034\016\045\016\100\016\033\016\043\016\065\016\042\016\032\016\100\016\027\016\065\016\042\016\032}{chapter.5}% 46
\BOOKMARK [1][-]{section.5.2}{\376\377\016\052\016\043\016\070\016\033\016\034\016\045\016\001\016\062\016\043\016\024\016\063\016\100\016\031\016\064\016\031\016\102\016\004\016\043\016\007\016\007\016\062\016\031}{chapter.5}% 47
\BOOKMARK [1][-]{section.5.3}{\376\377\016\002\016\111\016\055\016\010\016\063\016\001\016\061\016\024\016\002\016\055\016\007\016\043\016\060\016\032\016\032}{chapter.5}% 48
\BOOKMARK [2][-]{subsection.5.3.1}{\376\377\016\002\016\111\016\055\016\010\016\063\016\001\016\061\016\024\016\024\016\111\016\062\016\031\016\001\016\062\016\043\016\027\016\063\016\007\016\062\016\031}{section.5.3}% 49
\BOOKMARK [1][-]{section.5.4}{\376\377\016\033\016\061\016\015\016\053\016\062\000\040\016\055\016\070\016\033\016\052\016\043\016\043\016\004\000\040\016\101\016\045\016\060\016\101\016\031\016\047\016\027\016\062\016\007\016\101\016\001\016\111\016\104\016\002}{chapter.5}% 50
\BOOKMARK [1][-]{section.5.5}{\376\377\016\002\016\111\016\055\016\100\016\052\016\031\016\055\016\101\016\031\016\060\016\103\016\031\016\001\016\062\016\043\016\036\016\061\016\022\016\031\016\062\016\025\016\110\016\055\016\104\016\033}{chapter.5}% 51
\BOOKMARK [2][-]{subsection.5.5.1}{\376\377\016\001\016\062\016\043\016\033\016\043\016\061\016\032\016\033\016\043\016\070\016\007\016\037\016\061\016\007\016\001\016\114\016\012\016\061\016\031\016\001\016\062\016\043\016\027\016\063\016\007\016\062\016\031}{section.5.5}% 52
\BOOKMARK [2][-]{subsection.5.5.2}{\376\377\016\101\016\031\016\047\016\027\016\062\016\007\016\001\016\062\016\043\016\047\016\064\016\010\016\061\016\042\016\025\016\110\016\055\016\042\016\055\016\024}{section.5.5}% 53
\BOOKMARK [0][-]{subsection.5.5.2}{\376\377\016\100\016\055\016\001\016\052\016\062\016\043\016\055\016\111\016\062\016\007\016\055\016\064\016\007}{}% 54
\BOOKMARK [0][-]{chapter.0}{\376\377\016\040\016\062\016\004\016\034\016\031\016\047\016\001\000\040\016\001\000:\000\040\016\043\016\062\016\042\016\001\016\062\016\043\000\040\000A\000P\000I\000\040\016\053\016\045\016\061\016\001\016\002\016\055\016\007\016\043\016\060\016\032\016\032}{}% 55
\BOOKMARK [0][-]{appendix*.43}{\376\377\016\033\016\043\016\060\016\047\016\061\016\025\016\064\016\034\016\071\016\111\016\100\016\002\016\065\016\042\016\031}{}% 56
